Torch MSBG STOILoss -0.46197575, ESTOILoss -0.32999593
