output:
[-2.39794423e-05 -1.43921848e-05  5.91582483e-07 ... -1.69884917e-06
  6.26974006e-06  4.25729094e-06]
