l_source1:
[-6.19349552e-06 -9.26839477e-06 -5.50869412e-06 ... -5.38810945e-06
 -1.58650008e-06 -4.86021606e-06]
r_source1:
[ 9.76760319e-06  2.30717302e-05  1.77555702e-06 ... -1.36774973e-06
 -7.36480169e-06 -3.25038657e-06]
