output:
{'l_a': 1, 'r_a': 2, 'l_b': 3, 'r_b': 4, 'l_c': 5, 'r_c': 6}
