output:
{'l_drums': array([0.4936225 , 0.46945992, 0.5414605 , ..., 0.50019336, 0.5002201 ,
       0.5002362 ], dtype=float32), 'r_drums': array([0.5433655 , 0.5975982 , 0.4506612 , ..., 0.50027585, 0.5002366 ,
       0.5002362 ], dtype=float32), 'l_bass': array([0.50187814, 0.50684756, 0.49030724, ..., 0.500235  , 0.5002362 ,
       0.5002362 ], dtype=float32), 'r_bass': array([0.4903988 , 0.49802172, 0.47919136, ..., 0.5002254 , 0.50023586,
       0.5002362 ], dtype=float32), 'l_other': array([0.50625753, 0.5121586 , 0.4501194 , ..., 0.5002676 , 0.5002665 ,
       0.5002362 ], dtype=float32), 'r_other': array([0.58195966, 0.6310717 , 0.49954197, ..., 0.5001854 , 0.50021595,
       0.5002362 ], dtype=float32), 'l_vocals': array([0.5021066 , 0.49710163, 0.5015131 , ..., 0.50023556, 0.5002347 ,
       0.5002362 ], dtype=float32), 'r_vocals': array([0.50411546, 0.5017864 , 0.5009032 , ..., 0.500235  , 0.5002355 ,
       0.5002362 ], dtype=float32)}
